---
source: boltffi_backend/tests/jni/callback.rs
expression: "rendered_fixture(\"callback/async_callback_string_return\")"
---
===== jni/demo.h =====
#pragma once

#include <stdbool.h>
#include <stddef.h>
#include <stdint.h>

#ifdef __cplusplus
extern "C" {
#endif

typedef struct {
    int32_t code;
} FfiStatus;

#define FFI_STATUS_OK ((FfiStatus){0})
#define FFI_STATUS_NULL_POINTER ((FfiStatus){1})
#define FFI_STATUS_BUFFER_TOO_SMALL ((FfiStatus){2})
#define FFI_STATUS_INVALID_ARG ((FfiStatus){3})
#define FFI_STATUS_CANCELLED ((FfiStatus){4})
#define FFI_STATUS_INTERNAL_ERROR ((FfiStatus){100})

typedef struct {
    uint8_t *ptr;
    uintptr_t len;
    uintptr_t cap;
    uintptr_t align;
} FfiBuf_u8;

typedef struct {
    uint8_t *ptr;
    uintptr_t len;
    uintptr_t cap;
} FfiString;

typedef struct {
    FfiString message;
} FfiError;

typedef struct {
    const uint8_t *ptr;
    uintptr_t len;
} FfiSpan;

typedef const void *RustFutureHandle;
typedef int8_t StreamPollResult;
typedef int32_t WaitResult;
typedef void (*RustFutureContinuationCallback)(uint64_t callback_data, int8_t poll_result);
typedef void (*StreamContinuationCallback)(uint64_t callback_data, StreamPollResult result);

typedef struct {
    uint64_t handle;
    const void *vtable;
} BoltFFICallbackHandle;

void boltffi_free_string(FfiString string);
void boltffi_free_buf(FfiBuf_u8 buf);
FfiBuf_u8 boltffi_buf_from_bytes(const uint8_t *ptr, uintptr_t len);
FfiStatus boltffi_last_error_message(FfiString *out);
void boltffi_clear_last_error(void);
typedef struct {
    void (*free)(uint64_t);
    uint64_t (*clone)(uint64_t);
    void (*load)(uint64_t, uint32_t, void (*)(void *, FfiStatus, FfiBuf_u8), void *);
} ___ListenerVTable;
void boltffi_register_callback_demo_listener(const ___ListenerVTable *vtable);
BoltFFICallbackHandle boltffi_create_callback_demo_listener(uint64_t handle);

#ifdef __cplusplus
}
#endif
===== jni/jni_glue.c =====
#include <jni.h>
#include <stdint.h>
#include <stdbool.h>
#include <limits.h>
#include <stdlib.h>
#if defined(__ANDROID__)
#include <pthread.h>
#endif

#include "demo.h"
static JavaVM *boltffi_jni_vm = NULL;
static jclass boltffi_jni_native_class = NULL;

#define BOLTFFI_JNI_LOCAL_FRAME_CAPACITY 64
static jint boltffi_jni_attach_current_thread(JavaVM *vm, JNIEnv **env) {
#if defined(__ANDROID__)
    return (*vm)->AttachCurrentThread(vm, env, NULL);
#else
    return (*vm)->AttachCurrentThread(vm, (void **)env, NULL);
#endif
}
#if defined(__ANDROID__)
static pthread_key_t boltffi_jni_env_key;
static pthread_once_t boltffi_jni_env_key_once = PTHREAD_ONCE_INIT;
static int boltffi_jni_env_key_status = 0;
static char boltffi_jni_tls_attached_marker;

static void boltffi_jni_android_env_destructor(void *value) {
    if (value != NULL && boltffi_jni_vm != NULL) {
        (*boltffi_jni_vm)->DetachCurrentThread(boltffi_jni_vm);
    }
}

static void boltffi_jni_android_env_key_init(void) {
    boltffi_jni_env_key_status =
        pthread_key_create(&boltffi_jni_env_key, boltffi_jni_android_env_destructor);
}

static jint boltffi_jni_android_attach_cached(JavaVM *vm, JNIEnv **env, int *attached) {
    *attached = 0;

    if (pthread_once(&boltffi_jni_env_key_once, boltffi_jni_android_env_key_init) != 0 ||
        boltffi_jni_env_key_status != 0) {
        jint result = boltffi_jni_attach_current_thread(vm, env);
        if (result == JNI_OK) {
            *attached = 1;
        }
        return result;
    }

    jint result = (*vm)->AttachCurrentThreadAsDaemon(vm, env, NULL);
    if (result != JNI_OK) {
        return result;
    }

    if (pthread_setspecific(boltffi_jni_env_key, &boltffi_jni_tls_attached_marker) != 0) {
        (*vm)->DetachCurrentThread(vm);
        *env = NULL;
        return JNI_ERR;
    }

    return JNI_OK;
}
#endif

static bool boltffi_jni_clear_exception(JNIEnv *env) {
    if (!(*env)->ExceptionCheck(env)) {
        return false;
    }
    (*env)->ExceptionClear(env);
    return true;
}

static bool boltffi_jni_enter(JNIEnv **env, int *attached) {
    if (boltffi_jni_vm == NULL) {
        return false;
    }
    *env = NULL;
    *attached = 0;
    jint env_status = (*boltffi_jni_vm)->GetEnv(boltffi_jni_vm, (void **)env, JNI_VERSION_1_6);
    if (env_status == JNI_EDETACHED) {
#if defined(__ANDROID__)
        if (boltffi_jni_android_attach_cached(boltffi_jni_vm, env, attached) != JNI_OK) {
            return false;
        }
#else
        if (boltffi_jni_attach_current_thread(boltffi_jni_vm, env) != JNI_OK) {
            return false;
        }
        *attached = 1;
#endif
    } else if (env_status != JNI_OK) {
        return false;
    }

#if defined(__ANDROID__)
    JNIEnv *callback_env = *env;
    if ((*callback_env)->PushLocalFrame(callback_env, BOLTFFI_JNI_LOCAL_FRAME_CAPACITY) != JNI_OK) {
        boltffi_jni_clear_exception(callback_env);
        if (*attached) {
            (*boltffi_jni_vm)->DetachCurrentThread(boltffi_jni_vm);
            *attached = 0;
        }
        return false;
    }
#endif

    return true;
}

static void boltffi_jni_exit(JNIEnv *env, int attached) {
#if defined(__ANDROID__)
    if (env != NULL) {
        (*env)->PopLocalFrame(env, NULL);
        boltffi_jni_clear_exception(env);
    }
#else
    (void)env;
#endif
    if (attached) {
        (*boltffi_jni_vm)->DetachCurrentThread(boltffi_jni_vm);
    }
}

static void boltffi_jni_throw_runtime(JNIEnv *env, const char *message) {
    jclass exception_class = (*env)->FindClass(env, "java/lang/RuntimeException");
    if (exception_class == NULL) {
        return;
    }
    (*env)->ThrowNew(env, exception_class, message);
    (*env)->DeleteLocalRef(env, exception_class);
}

static void boltffi_jni_throw_illegal_argument(JNIEnv *env, const char *message) {
    jclass exception_class = (*env)->FindClass(env, "java/lang/IllegalArgumentException");
    if (exception_class == NULL) {
        return;
    }
    (*env)->ThrowNew(env, exception_class, message);
    (*env)->DeleteLocalRef(env, exception_class);
}

static jbyteArray boltffi_jni_buffer_to_byte_array(JNIEnv *env, FfiBuf_u8 buffer) {
    if (buffer.ptr == NULL) {
        if (buffer.len != 0) {
            boltffi_jni_throw_runtime(env, "BoltFFI buffer pointer was null with non-zero length");
            return NULL;
        }
        return (*env)->NewByteArray(env, 0);
    }
    if (buffer.len > (uintptr_t)INT32_MAX) {
        boltffi_free_buf(buffer);
        boltffi_jni_throw_runtime(env, "BoltFFI buffer too large for Java byte array");
        return NULL;
    }
    jbyteArray array = (*env)->NewByteArray(env, (jsize)buffer.len);
    if (array == NULL) {
        boltffi_free_buf(buffer);
        return NULL;
    }
    (*env)->SetByteArrayRegion(env, array, 0, (jsize)buffer.len, (const jbyte *)buffer.ptr);
    boltffi_free_buf(buffer);
    if ((*env)->ExceptionCheck(env)) {
        (*env)->DeleteLocalRef(env, array);
        return NULL;
    }
    return array;
}

static jbyteArray boltffi_jni_bytes_to_byte_array(JNIEnv *env, const uint8_t *bytes, uintptr_t len) {
    if (bytes == NULL && len != 0) {
        boltffi_jni_throw_runtime(env, "BoltFFI byte slice pointer was null with non-zero length");
        return NULL;
    }
    if (len > (uintptr_t)INT32_MAX) {
        boltffi_jni_throw_runtime(env, "BoltFFI byte slice too large for Java byte array");
        return NULL;
    }
    jbyteArray array = (*env)->NewByteArray(env, (jsize)len);
    if (array == NULL) {
        return NULL;
    }
    if (len != 0) {
        (*env)->SetByteArrayRegion(env, array, 0, (jsize)len, (const jbyte *)bytes);
        if ((*env)->ExceptionCheck(env)) {
            (*env)->DeleteLocalRef(env, array);
            return NULL;
        }
    }
    return array;
}

static FfiBuf_u8 boltffi_jni_byte_array_to_buffer(JNIEnv *env, jbyteArray array) {
    FfiBuf_u8 empty = {0};
    if (array == NULL) {
        boltffi_jni_throw_runtime(env, "BoltFFI byte array return was null");
        return empty;
    }
    jsize len = (*env)->GetArrayLength(env, array);
    if (len == 0) {
        return empty;
    }
    uint8_t *bytes = (uint8_t *)malloc((size_t)len);
    if (bytes == NULL) {
        boltffi_jni_throw_runtime(env, "failed to allocate BoltFFI byte array return");
        return empty;
    }
    (*env)->GetByteArrayRegion(env, array, 0, len, (jbyte *)bytes);
    if ((*env)->ExceptionCheck(env)) {
        free(bytes);
        return empty;
    }
    FfiBuf_u8 buffer = {
        .ptr = bytes,
        .len = (uintptr_t)len,
        .cap = (uintptr_t)len,
        .align = 1,
    };
    return buffer;
}

static jclass g____ListenerVTable_class = NULL;
static jmethodID g____ListenerVTable_free_method = NULL;
static jmethodID g____ListenerVTable_clone_method = NULL;
static jmethodID g____ListenerVTable_load_method = NULL;

static void ___ListenerVTable_free(uint64_t handle) {
    JNIEnv *env = NULL;
    int attached = 0;
    if (!boltffi_jni_enter(&env, &attached)) {
        return;
    }
    (*env)->CallStaticVoidMethod(env, g____ListenerVTable_class, g____ListenerVTable_free_method, (jlong)handle);
    boltffi_jni_clear_exception(env);
    boltffi_jni_exit(env, attached);
}

static uint64_t ___ListenerVTable_clone(uint64_t handle) {
    JNIEnv *env = NULL;
    int attached = 0;
    if (!boltffi_jni_enter(&env, &attached)) {
        return 0;
    }
    jlong result = (*env)->CallStaticLongMethod(env, g____ListenerVTable_class, g____ListenerVTable_clone_method, (jlong)handle);
    if (boltffi_jni_clear_exception(env)) {
        boltffi_jni_exit(env, attached);
        return 0;
    }
    boltffi_jni_exit(env, attached);
    return (uint64_t)result;
}

static void ___ListenerVTable_load(uint64_t handle, uint32_t key, void (*complete)(void *, FfiStatus, FfiBuf_u8), void *complete_context) {
    JNIEnv *env = NULL;
    int attached = 0;

    if (!boltffi_jni_enter(&env, &attached)) {
        complete(complete_context, (FfiStatus){.code = 1}, (FfiBuf_u8){0});
        return;
    }

    (*env)->CallStaticVoidMethod(env, g____ListenerVTable_class, g____ListenerVTable_load_method, (jlong)handle, (jint)key, (jlong)complete, (jlong)complete_context);
    if (boltffi_jni_clear_exception(env)) {
        goto __boltffi_fail;
    }

    boltffi_jni_exit(env, attached);
    return;
__boltffi_fail:

    boltffi_jni_clear_exception(env);
    boltffi_jni_exit(env, attached);

    complete(complete_context, (FfiStatus){.code = 1}, (FfiBuf_u8){0});

    return;
}

static ___ListenerVTable g____ListenerVTable_vtable = {
    .free = ___ListenerVTable_free,
    .clone = ___ListenerVTable_clone,
    .load = ___ListenerVTable_load,
};

static bool boltffi_jni_load____ListenerVTable_callbacks(JNIEnv *env) {
    jclass local_class = (*env)->FindClass(env, "com/boltffi/demo/ListenerCallbacks");
    if (local_class == NULL) {
        return false;
    }
    g____ListenerVTable_class = (*env)->NewGlobalRef(env, local_class);
    (*env)->DeleteLocalRef(env, local_class);
    if (g____ListenerVTable_class == NULL) {
        return false;
    }
    g____ListenerVTable_free_method = (*env)->GetStaticMethodID(env, g____ListenerVTable_class, "free", "(J)V");
    if (g____ListenerVTable_free_method == NULL) {
        goto fail;
    }
    g____ListenerVTable_clone_method = (*env)->GetStaticMethodID(env, g____ListenerVTable_class, "clone", "(J)J");
    if (g____ListenerVTable_clone_method == NULL) {
        goto fail;
    }
    g____ListenerVTable_load_method = (*env)->GetStaticMethodID(env, g____ListenerVTable_class, "load", "(JIJJ)V");
    if (g____ListenerVTable_load_method == NULL) {
        goto fail;
    }
    boltffi_register_callback_demo_listener(&g____ListenerVTable_vtable);
    return true;
fail:
    (*env)->DeleteGlobalRef(env, g____ListenerVTable_class);
    g____ListenerVTable_class = NULL;
    return false;
}

static void boltffi_jni_unload____ListenerVTable_callbacks(JNIEnv *env) {
    if (g____ListenerVTable_class != NULL) {
        (*env)->DeleteGlobalRef(env, g____ListenerVTable_class);
    }
    g____ListenerVTable_class = NULL;
    g____ListenerVTable_free_method = NULL;
    g____ListenerVTable_clone_method = NULL;
    g____ListenerVTable_load_method = NULL;
}

JNIEXPORT void JNICALL Java_com_boltffi_demo_Native_boltffi_1async_1callback_1complete_1Bytes(JNIEnv *env, jclass cls, jlong callback, jlong context, jbyteArray result) {
    (void)cls;
    void (*complete)(void *, FfiStatus, FfiBuf_u8) = (void (*)(void *, FfiStatus, FfiBuf_u8))callback;
    FfiBuf_u8 payload = boltffi_jni_byte_array_to_buffer(env, result);
    if ((*env)->ExceptionCheck(env)) {
        (*env)->ExceptionClear(env);
        complete((void *)context, (FfiStatus){.code = 1}, (FfiBuf_u8){0});
        return;
    }
    complete((void *)context, (FfiStatus){.code = 0}, payload);
}

JNIEXPORT void JNICALL Java_com_boltffi_demo_Native_boltffi_1async_1callback_1complete_1Bytes_1failure(JNIEnv *env, jclass cls, jlong callback, jlong context) {
    (void)env;
    (void)cls;
    void (*complete)(void *, FfiStatus, FfiBuf_u8) = (void (*)(void *, FfiStatus, FfiBuf_u8))callback;
    complete((void *)context, (FfiStatus){.code = 1}, (FfiBuf_u8){0});
}

JNIEXPORT jint JNICALL JNI_OnLoad(JavaVM *vm, void *reserved) {
    (void)reserved;
    JNIEnv *env = NULL;
    if ((*vm)->GetEnv(vm, (void **)&env, JNI_VERSION_1_6) != JNI_OK) {
        return JNI_ERR;
    }
    jclass local_class = (*env)->FindClass(env, "com/boltffi/demo/Native");
    if (local_class == NULL) {
        return JNI_ERR;
    }
    boltffi_jni_native_class = (*env)->NewGlobalRef(env, local_class);
    (*env)->DeleteLocalRef(env, local_class);
    if (boltffi_jni_native_class == NULL) {
        return JNI_ERR;
    }
    if (!boltffi_jni_load____ListenerVTable_callbacks(env)) {
        boltffi_jni_unload____ListenerVTable_callbacks(env);
        (*env)->DeleteGlobalRef(env, boltffi_jni_native_class);
        boltffi_jni_native_class = NULL;
        return JNI_ERR;
    }
    boltffi_jni_vm = vm;
    return JNI_VERSION_1_6;
}

JNIEXPORT void JNICALL JNI_OnUnload(JavaVM *vm, void *reserved) {
    (void)reserved;
    JNIEnv *env = NULL;
    if ((*vm)->GetEnv(vm, (void **)&env, JNI_VERSION_1_6) == JNI_OK) {
        boltffi_jni_unload____ListenerVTable_callbacks(env);
        if (boltffi_jni_native_class != NULL) {
            (*env)->DeleteGlobalRef(env, boltffi_jni_native_class);
        }
    }
    boltffi_jni_vm = NULL;
    boltffi_jni_native_class = NULL;
}
