---
source: boltffi_backend/tests/kotlin/callback.rs
expression: "rendered_fixture(\"callback/foreign_callback_parameter\")"
---
===== jni/boltffi.h =====
#pragma once

#include <stdbool.h>
#include <stddef.h>
#include <stdint.h>

#ifdef __cplusplus
extern "C" {
#endif

typedef struct {
    int32_t code;
} FfiStatus;

#define FFI_STATUS_OK ((FfiStatus){0})
#define FFI_STATUS_NULL_POINTER ((FfiStatus){1})
#define FFI_STATUS_BUFFER_TOO_SMALL ((FfiStatus){2})
#define FFI_STATUS_INVALID_ARG ((FfiStatus){3})
#define FFI_STATUS_CANCELLED ((FfiStatus){4})
#define FFI_STATUS_INTERNAL_ERROR ((FfiStatus){100})

typedef struct {
    uint8_t *ptr;
    uintptr_t len;
    uintptr_t cap;
    uintptr_t align;
} FfiBuf_u8;

typedef struct {
    uint8_t *ptr;
    uintptr_t len;
    uintptr_t cap;
} FfiString;

typedef struct {
    FfiString message;
} FfiError;

typedef struct {
    const uint8_t *ptr;
    uintptr_t len;
} FfiSpan;

typedef const void *RustFutureHandle;
typedef int8_t StreamPollResult;
typedef int32_t WaitResult;
typedef void (*RustFutureContinuationCallback)(uint64_t callback_data, int8_t poll_result);
typedef void (*StreamContinuationCallback)(uint64_t callback_data, StreamPollResult result);

typedef struct {
    uint64_t handle;
    const void *vtable;
} BoltFFICallbackHandle;

void boltffi_free_string(FfiString string);
void boltffi_free_buf(FfiBuf_u8 buf);
FfiBuf_u8 boltffi_buf_from_bytes(const uint8_t *ptr, uintptr_t len);
FfiStatus boltffi_last_error_message(FfiString *out);
void boltffi_clear_last_error(void);
typedef struct {
    void (*free)(uint64_t);
    uint64_t (*clone)(uint64_t);
    uint32_t (*on_value)(uint64_t, uint32_t);
} ___ListenerVTable;
void boltffi_register_callback_demo_listener(const ___ListenerVTable *vtable);
BoltFFICallbackHandle boltffi_create_callback_demo_listener(uint64_t handle);
FfiStatus boltffi_function_demo_install(BoltFFICallbackHandle listener);

#ifdef __cplusplus
}
#endif
===== jni/jni_glue.c =====
#include <jni.h>
#include <stdint.h>
#include <stdbool.h>
#if defined(__ANDROID__)
#include <pthread.h>
#endif

#include "boltffi.h"
static JavaVM *boltffi_jni_vm = NULL;
static jclass boltffi_jni_native_class = NULL;

#define BOLTFFI_JNI_LOCAL_FRAME_CAPACITY 64
static jint boltffi_jni_attach_current_thread(JavaVM *vm, JNIEnv **env) {
#if defined(__ANDROID__)
    return (*vm)->AttachCurrentThread(vm, env, NULL);
#else
    return (*vm)->AttachCurrentThread(vm, (void **)env, NULL);
#endif
}
#if defined(__ANDROID__)
static pthread_key_t boltffi_jni_env_key;
static pthread_once_t boltffi_jni_env_key_once = PTHREAD_ONCE_INIT;
static int boltffi_jni_env_key_status = 0;
static char boltffi_jni_tls_attached_marker;

static void boltffi_jni_android_env_destructor(void *value) {
    if (value != NULL && boltffi_jni_vm != NULL) {
        (*boltffi_jni_vm)->DetachCurrentThread(boltffi_jni_vm);
    }
}

static void boltffi_jni_android_env_key_init(void) {
    boltffi_jni_env_key_status =
        pthread_key_create(&boltffi_jni_env_key, boltffi_jni_android_env_destructor);
}

static jint boltffi_jni_android_attach_cached(JavaVM *vm, JNIEnv **env, int *attached) {
    *attached = 0;

    if (pthread_once(&boltffi_jni_env_key_once, boltffi_jni_android_env_key_init) != 0 ||
        boltffi_jni_env_key_status != 0) {
        jint result = boltffi_jni_attach_current_thread(vm, env);
        if (result == JNI_OK) {
            *attached = 1;
        }
        return result;
    }

    jint result = (*vm)->AttachCurrentThreadAsDaemon(vm, env, NULL);
    if (result != JNI_OK) {
        return result;
    }

    if (pthread_setspecific(boltffi_jni_env_key, &boltffi_jni_tls_attached_marker) != 0) {
        (*vm)->DetachCurrentThread(vm);
        *env = NULL;
        return JNI_ERR;
    }

    return JNI_OK;
}
#endif

static bool boltffi_jni_clear_exception(JNIEnv *env) {
    if (!(*env)->ExceptionCheck(env)) {
        return false;
    }
    (*env)->ExceptionClear(env);
    return true;
}

static bool boltffi_jni_enter(JNIEnv **env, int *attached) {
    if (boltffi_jni_vm == NULL) {
        return false;
    }
    *env = NULL;
    *attached = 0;
    jint env_status = (*boltffi_jni_vm)->GetEnv(boltffi_jni_vm, (void **)env, JNI_VERSION_1_6);
    if (env_status == JNI_EDETACHED) {
#if defined(__ANDROID__)
        if (boltffi_jni_android_attach_cached(boltffi_jni_vm, env, attached) != JNI_OK) {
            return false;
        }
#else
        if (boltffi_jni_attach_current_thread(boltffi_jni_vm, env) != JNI_OK) {
            return false;
        }
        *attached = 1;
#endif
    } else if (env_status != JNI_OK) {
        return false;
    }

#if defined(__ANDROID__)
    JNIEnv *callback_env = *env;
    if ((*callback_env)->PushLocalFrame(callback_env, BOLTFFI_JNI_LOCAL_FRAME_CAPACITY) != JNI_OK) {
        boltffi_jni_clear_exception(callback_env);
        if (*attached) {
            (*boltffi_jni_vm)->DetachCurrentThread(boltffi_jni_vm);
            *attached = 0;
        }
        return false;
    }
#endif

    return true;
}

static void boltffi_jni_exit(JNIEnv *env, int attached) {
#if defined(__ANDROID__)
    if (env != NULL) {
        (*env)->PopLocalFrame(env, NULL);
        boltffi_jni_clear_exception(env);
    }
#else
    (void)env;
#endif
    if (attached) {
        (*boltffi_jni_vm)->DetachCurrentThread(boltffi_jni_vm);
    }
}

static void boltffi_jni_throw_runtime(JNIEnv *env, const char *message) {
    jclass exception_class = (*env)->FindClass(env, "java/lang/RuntimeException");
    if (exception_class == NULL) {
        return;
    }
    (*env)->ThrowNew(env, exception_class, message);
    (*env)->DeleteLocalRef(env, exception_class);
}

static void boltffi_jni_throw_illegal_argument(JNIEnv *env, const char *message) {
    jclass exception_class = (*env)->FindClass(env, "java/lang/IllegalArgumentException");
    if (exception_class == NULL) {
        return;
    }
    (*env)->ThrowNew(env, exception_class, message);
    (*env)->DeleteLocalRef(env, exception_class);
}

static void boltffi_jni_throw_status(JNIEnv *env, FfiStatus status) {
    if (status.code != 0) {
        boltffi_jni_throw_runtime(env, "BoltFFI call failed");
    }
}

static jclass g____ListenerVTable_class = NULL;
static jmethodID g____ListenerVTable_free_method = NULL;
static jmethodID g____ListenerVTable_clone_method = NULL;
static jmethodID g____ListenerVTable_on_value_method = NULL;

static void ___ListenerVTable_free(uint64_t handle) {
    JNIEnv *env = NULL;
    int attached = 0;
    if (!boltffi_jni_enter(&env, &attached)) {
        return;
    }
    (*env)->CallStaticVoidMethod(env, g____ListenerVTable_class, g____ListenerVTable_free_method, (jlong)handle);
    boltffi_jni_clear_exception(env);
    boltffi_jni_exit(env, attached);
}

static uint64_t ___ListenerVTable_clone(uint64_t handle) {
    JNIEnv *env = NULL;
    int attached = 0;
    if (!boltffi_jni_enter(&env, &attached)) {
        return 0;
    }
    jlong result = (*env)->CallStaticLongMethod(env, g____ListenerVTable_class, g____ListenerVTable_clone_method, (jlong)handle);
    if (boltffi_jni_clear_exception(env)) {
        boltffi_jni_exit(env, attached);
        return 0;
    }
    boltffi_jni_exit(env, attached);
    return (uint64_t)result;
}

static uint32_t ___ListenerVTable_on_value(uint64_t handle, uint32_t value) {
    JNIEnv *env = NULL;
    int attached = 0;

    if (!boltffi_jni_enter(&env, &attached)) {
        return 0;
    }

    uint32_t result = (uint32_t)(*env)->CallStaticIntMethod(env, g____ListenerVTable_class, g____ListenerVTable_on_value_method, (jlong)handle, (jint)value);
    if (boltffi_jni_clear_exception(env)) {
        goto __boltffi_fail;
    }

    boltffi_jni_exit(env, attached);
    return result;
__boltffi_fail:

    boltffi_jni_clear_exception(env);
    boltffi_jni_exit(env, attached);

    return 0;
}

static ___ListenerVTable g____ListenerVTable_vtable = {
    .free = ___ListenerVTable_free,
    .clone = ___ListenerVTable_clone,
    .on_value = ___ListenerVTable_on_value,
};

static bool boltffi_jni_load____ListenerVTable_callbacks(JNIEnv *env) {
    jclass local_class = (*env)->FindClass(env, "com/boltffi/demo/ListenerCallbacks");
    if (local_class == NULL) {
        return false;
    }
    g____ListenerVTable_class = (*env)->NewGlobalRef(env, local_class);
    (*env)->DeleteLocalRef(env, local_class);
    if (g____ListenerVTable_class == NULL) {
        return false;
    }
    g____ListenerVTable_free_method = (*env)->GetStaticMethodID(env, g____ListenerVTable_class, "free", "(J)V");
    if (g____ListenerVTable_free_method == NULL) {
        goto fail;
    }
    g____ListenerVTable_clone_method = (*env)->GetStaticMethodID(env, g____ListenerVTable_class, "clone", "(J)J");
    if (g____ListenerVTable_clone_method == NULL) {
        goto fail;
    }
    g____ListenerVTable_on_value_method = (*env)->GetStaticMethodID(env, g____ListenerVTable_class, "on_value", "(JI)I");
    if (g____ListenerVTable_on_value_method == NULL) {
        goto fail;
    }
    boltffi_register_callback_demo_listener(&g____ListenerVTable_vtable);
    return true;
fail:
    (*env)->DeleteGlobalRef(env, g____ListenerVTable_class);
    g____ListenerVTable_class = NULL;
    return false;
}

static void boltffi_jni_unload____ListenerVTable_callbacks(JNIEnv *env) {
    if (g____ListenerVTable_class != NULL) {
        (*env)->DeleteGlobalRef(env, g____ListenerVTable_class);
    }
    g____ListenerVTable_class = NULL;
    g____ListenerVTable_free_method = NULL;
    g____ListenerVTable_clone_method = NULL;
    g____ListenerVTable_on_value_method = NULL;
}

JNIEXPORT jint JNICALL JNI_OnLoad(JavaVM *vm, void *reserved) {
    (void)reserved;
    JNIEnv *env = NULL;
    if ((*vm)->GetEnv(vm, (void **)&env, JNI_VERSION_1_6) != JNI_OK) {
        return JNI_ERR;
    }
    jclass local_class = (*env)->FindClass(env, "com/boltffi/demo/Native");
    if (local_class == NULL) {
        return JNI_ERR;
    }
    boltffi_jni_native_class = (*env)->NewGlobalRef(env, local_class);
    (*env)->DeleteLocalRef(env, local_class);
    if (boltffi_jni_native_class == NULL) {
        return JNI_ERR;
    }
    if (!boltffi_jni_load____ListenerVTable_callbacks(env)) {
        boltffi_jni_unload____ListenerVTable_callbacks(env);
        (*env)->DeleteGlobalRef(env, boltffi_jni_native_class);
        boltffi_jni_native_class = NULL;
        return JNI_ERR;
    }
    boltffi_jni_vm = vm;
    return JNI_VERSION_1_6;
}

JNIEXPORT void JNICALL JNI_OnUnload(JavaVM *vm, void *reserved) {
    (void)reserved;
    JNIEnv *env = NULL;
    if ((*vm)->GetEnv(vm, (void **)&env, JNI_VERSION_1_6) == JNI_OK) {
        boltffi_jni_unload____ListenerVTable_callbacks(env);
        if (boltffi_jni_native_class != NULL) {
            (*env)->DeleteGlobalRef(env, boltffi_jni_native_class);
        }
    }
    boltffi_jni_vm = NULL;
    boltffi_jni_native_class = NULL;
}

JNIEXPORT void JNICALL Java_com_boltffi_demo_Native_boltffi_1function_1demo_1install(JNIEnv *env, jclass cls, jlong listener) {
    (void)cls;

    FfiStatus status = boltffi_function_demo_install(boltffi_create_callback_demo_listener((uint64_t)listener));

    if (status.code != 0) {
        boltffi_jni_throw_status(env, status);
        return;
    }

    return;
}

===== com/boltffi/demo/Demo.kt =====
@file:OptIn(kotlin.ExperimentalUnsignedTypes::class)

package com.boltffi.demo

private object Utf8Codec {
    fun maxBytes(value: String): Int = value.length * 3
}

private object DirectVectorCodec {
    fun readBooleanArray(bytes: ByteArray): BooleanArray =
        BooleanArray(bytes.size) { index -> bytes[index] != 0.toByte() }

    fun readByteArray(bytes: ByteArray): ByteArray = bytes

    fun readShortArray(bytes: ByteArray): ShortArray {
        val values = ShortArray(elementCount(bytes, 2))
        nativeBuffer(bytes).asShortBuffer().get(values)
        return values
    }

    fun readUShortArray(bytes: ByteArray): UShortArray =
        readShortArray(bytes).toUShortArray()

    fun readIntArray(bytes: ByteArray): IntArray {
        val values = IntArray(elementCount(bytes, 4))
        nativeBuffer(bytes).asIntBuffer().get(values)
        return values
    }

    fun readUIntArray(bytes: ByteArray): UIntArray =
        readIntArray(bytes).toUIntArray()

    fun readLongArray(bytes: ByteArray): LongArray {
        val values = LongArray(elementCount(bytes, 8))
        nativeBuffer(bytes).asLongBuffer().get(values)
        return values
    }

    fun readULongArray(bytes: ByteArray): ULongArray =
        readLongArray(bytes).toULongArray()

    fun readFloatArray(bytes: ByteArray): FloatArray {
        val values = FloatArray(elementCount(bytes, 4))
        nativeBuffer(bytes).asFloatBuffer().get(values)
        return values
    }

    fun readDoubleArray(bytes: ByteArray): DoubleArray {
        val values = DoubleArray(elementCount(bytes, 8))
        nativeBuffer(bytes).asDoubleBuffer().get(values)
        return values
    }

    private fun nativeBuffer(bytes: ByteArray): java.nio.ByteBuffer =
        java.nio.ByteBuffer
            .wrap(bytes)
            .order(java.nio.ByteOrder.nativeOrder())

    private fun elementCount(bytes: ByteArray, width: Int): Int {
        require(bytes.size % width == 0)
        return bytes.size / width
    }
}

internal class WireReader(private val bytes: ByteArray) {
    private var position = 0

    fun readBool(): Boolean = readI8() != 0.toByte()

    fun readI8(): Byte {
        val value = bytes[position]
        position += 1
        return value
    }

    fun readU8(): UByte = readI8().toUByte()

    fun readI16(): Short {
        val value =
            (bytes[position].toInt() and 0xff) or
                ((bytes[position + 1].toInt() and 0xff) shl 8)
        position += 2
        return value.toShort()
    }

    fun readU16(): UShort = readI16().toUShort()

    fun readI32(): Int {
        val value =
            (bytes[position].toInt() and 0xff) or
                ((bytes[position + 1].toInt() and 0xff) shl 8) or
                ((bytes[position + 2].toInt() and 0xff) shl 16) or
                ((bytes[position + 3].toInt() and 0xff) shl 24)
        position += 4
        return value
    }

    fun readU32(): UInt = readI32().toUInt()

    fun readI64(): Long {
        val low = readI32().toLong() and 0xffffffffL
        val high = readI32().toLong() and 0xffffffffL
        return low or (high shl 32)
    }

    fun readU64(): ULong = readI64().toULong()

    fun readF32(): Float = java.lang.Float.intBitsToFloat(readI32())

    fun readF64(): Double = java.lang.Double.longBitsToDouble(readI64())

    fun readOptionalBool(): Boolean? = readOptional { it.readBool() }

    fun readOptionalI8(): Byte? = readOptional { it.readI8() }

    fun readOptionalU8(): UByte? = readOptional { it.readU8() }

    fun readOptionalI16(): Short? = readOptional { it.readI16() }

    fun readOptionalU16(): UShort? = readOptional { it.readU16() }

    fun readOptionalI32(): Int? = readOptional { it.readI32() }

    fun readOptionalU32(): UInt? = readOptional { it.readU32() }

    fun readOptionalI64(): Long? = readOptional { it.readI64() }

    fun readOptionalU64(): ULong? = readOptional { it.readU64() }

    fun readOptionalF32(): Float? = readOptional { it.readF32() }

    fun readOptionalF64(): Double? = readOptional { it.readF64() }

    fun readString(): String {
        val length = readU32().toInt()
        val value = String(bytes, position, length, Charsets.UTF_8)
        position += length
        return value
    }

    fun readBytes(): ByteArray {
        val length = readU32().toInt()
        val value = bytes.copyOfRange(position, position + length)
        position += length
        return value
    }

    fun <T> readOptionalValue(read: (WireReader) -> T): T? = readOptional(read)

    fun <T> readSequence(read: (WireReader) -> T): List<T> {
        val length = readU32().toInt()
        return List(length) { read(this) }
    }

    private inline fun <T> readOptional(read: (WireReader) -> T): T? {
        return when (readU8()) {
            0.toUByte() -> null
            1.toUByte() -> read(this)
            else -> throw IllegalArgumentException("invalid optional wire tag")
        }
    }
}

internal class WireWriter(initialCapacity: Int) {
    private var buffer = java.nio.ByteBuffer
        .allocateDirect(initialCapacity)
        .order(java.nio.ByteOrder.LITTLE_ENDIAN)
    private var position = 0

    fun reset(requiredCapacity: Int) {
        if (buffer.capacity() < requiredCapacity) {
            buffer = java.nio.ByteBuffer
                .allocateDirect(requiredCapacity)
                .order(java.nio.ByteOrder.LITTLE_ENDIAN)
        }
        position = 0
    }

    fun toByteArray(): ByteArray {
        val bytes = ByteArray(position)
        val view = buffer.duplicate()
        view.position(0)
        view.get(bytes, 0, position)
        return bytes
    }

    fun writeBool(value: Boolean) {
        ensureCapacity(1)
        buffer.put(position, if (value) 1.toByte() else 0.toByte())
        position += 1
    }

    fun writeI8(value: Byte) {
        ensureCapacity(1)
        buffer.put(position, value)
        position += 1
    }

    fun writeU8(value: UByte) {
        writeI8(value.toByte())
    }

    fun writeI16(value: Short) {
        ensureCapacity(2)
        buffer.putShort(position, value)
        position += 2
    }

    fun writeU16(value: UShort) {
        writeI16(value.toShort())
    }

    fun writeI32(value: Int) {
        ensureCapacity(4)
        buffer.putInt(position, value)
        position += 4
    }

    fun writeU32(value: UInt) {
        writeI32(value.toInt())
    }

    fun writeI64(value: Long) {
        ensureCapacity(8)
        buffer.putLong(position, value)
        position += 8
    }

    fun writeU64(value: ULong) {
        writeI64(value.toLong())
    }

    fun writeF32(value: Float) {
        writeI32(java.lang.Float.floatToRawIntBits(value))
    }

    fun writeF64(value: Double) {
        writeI64(java.lang.Double.doubleToRawLongBits(value))
    }

    fun writeOptionalBool(value: Boolean?) = writeOptional(value) { writer, present ->
        writer.writeBool(present)
    }

    fun writeOptionalI8(value: Byte?) = writeOptional(value) { writer, present ->
        writer.writeI8(present)
    }

    fun writeOptionalU8(value: UByte?) = writeOptional(value) { writer, present ->
        writer.writeU8(present)
    }

    fun writeOptionalI16(value: Short?) = writeOptional(value) { writer, present ->
        writer.writeI16(present)
    }

    fun writeOptionalU16(value: UShort?) = writeOptional(value) { writer, present ->
        writer.writeU16(present)
    }

    fun writeOptionalI32(value: Int?) = writeOptional(value) { writer, present ->
        writer.writeI32(present)
    }

    fun writeOptionalU32(value: UInt?) = writeOptional(value) { writer, present ->
        writer.writeU32(present)
    }

    fun writeOptionalI64(value: Long?) = writeOptional(value) { writer, present ->
        writer.writeI64(present)
    }

    fun writeOptionalU64(value: ULong?) = writeOptional(value) { writer, present ->
        writer.writeU64(present)
    }

    fun writeOptionalF32(value: Float?) = writeOptional(value) { writer, present ->
        writer.writeF32(present)
    }

    fun writeOptionalF64(value: Double?) = writeOptional(value) { writer, present ->
        writer.writeF64(present)
    }

    fun writeString(value: String) {
        val bytes = value.toByteArray(Charsets.UTF_8)
        writeU32(bytes.size.toUInt())
        writeBytesRaw(bytes)
    }

    fun writeBytes(value: ByteArray) {
        writeU32(value.size.toUInt())
        writeBytesRaw(value)
    }

    fun <T> writeOptionalValue(value: T?, write: (WireWriter, T) -> Unit) {
        writeOptional(value, write)
    }

    fun <T> writeSequence(value: Iterable<T>, count: Int, write: (WireWriter, T) -> Unit) {
        writeU32(count.toUInt())
        value.forEach { item -> write(this, item) }
    }

    private fun writeBytesRaw(bytes: ByteArray) {
        ensureCapacity(bytes.size)
        val view = buffer.duplicate().order(java.nio.ByteOrder.LITTLE_ENDIAN)
        view.position(position)
        view.put(bytes)
        position += bytes.size
    }

    private fun ensureCapacity(needed: Int) {
        val required = position + needed
        if (required <= buffer.capacity()) {
            return
        }
        val nextCapacity = maxOf(buffer.capacity() * 2, required)
        val next = java.nio.ByteBuffer
            .allocateDirect(nextCapacity)
            .order(java.nio.ByteOrder.LITTLE_ENDIAN)
        val source = buffer.duplicate().order(java.nio.ByteOrder.LITTLE_ENDIAN)
        source.limit(position)
        source.position(0)
        next.put(source)
        buffer = next
    }

    private inline fun <T> writeOptional(value: T?, write: (WireWriter, T) -> Unit) {
        if (value == null) {
            writeU8(0.toUByte())
            return
        }
        writeU8(1.toUByte())
        write(this, value)
    }
}

private const val MAX_CACHED_WIRE_WRITER_BYTES: Int = 1024 * 1024

private class WireWriterPoolState(private val cacheSize: Int = 4) {
    private val cachedWriters: Array<WireWriter?> = arrayOfNulls(cacheSize)
    private var depth = 0

    fun acquire(requiredCapacity: Int): BorrowedWireWriter {
        val slot = depth
        depth = slot + 1
        val shouldCache = requiredCapacity <= MAX_CACHED_WIRE_WRITER_BYTES && slot < cacheSize
        val writer = if (shouldCache) {
            cachedWriters[slot] ?: WireWriter(requiredCapacity).also { cachedWriters[slot] = it }
        } else {
            WireWriter(requiredCapacity)
        }

        writer.reset(requiredCapacity)
        return BorrowedWireWriter(this, writer)
    }

    fun release() {
        depth -= 1
    }
}

private class BorrowedWireWriter(
    private val state: WireWriterPoolState,
    val writer: WireWriter,
) : AutoCloseable {
    fun bytes(): ByteArray = writer.toByteArray()

    override fun close() {
        state.release()
    }
}

private object WireWriterPool {
    private val state: ThreadLocal<WireWriterPoolState> =
        ThreadLocal.withInitial { WireWriterPoolState() }

    fun acquire(requiredCapacity: Int): BorrowedWireWriter {
        val poolState = state.get() ?: WireWriterPoolState().also { state.set(it) }
        return poolState.acquire(requiredCapacity)
    }
}

@Suppress("FunctionName")
private object Native {
    @JvmStatic external fun boltffi_function_demo_install(listener: Long): Unit
}

interface Listener {
    fun onValue(value: UInt): UInt
}

private object ListenerMap {
    private val map = java.util.concurrent.ConcurrentHashMap<Long, Listener>()
    private val counter = java.util.concurrent.atomic.AtomicLong(1L)

    fun insert(value: Listener): Long {
        val handle = counter.getAndAdd(2L)
        map[handle] = value
        return handle
    }

    fun get(handle: Long): Listener? = map[handle]

    fun remove(handle: Long): Listener? = map.remove(handle)

    fun clone(handle: Long): Long {
        val value = map[handle] ?: return 0L
        return insert(value)
    }
}

object ListenerCallbacks {
    @JvmStatic
    fun free(handle: Long) {
        ListenerMap.remove(handle)
    }

    @JvmStatic
    fun clone(handle: Long): Long {
        return ListenerMap.clone(handle)
    }

    @JvmStatic
    fun on_value(handle: Long, value: Int): Int {
        val impl = ListenerMap.get(handle) ?: error("ListenerMap: invalid handle $handle")
        return impl.onValue(value.toUInt()).toInt()
    }
}

object ListenerBridge {
    fun create(value: Listener): Long {
        return ListenerMap.insert(value)
    }
}

fun install(listener: Listener) {
    Native.boltffi_function_demo_install(ListenerBridge.create(listener))
}
